[INFO] Scanning for projects...
[INFO] 
[INFO] --------------------< com.ecommerce:ecommerce-poo >---------------------
[INFO] Building Ecommerce POO 1.0.0
[INFO]   from pom.xml
[INFO] --------------------------------[ jar ]---------------------------------
[INFO] 
[INFO] >>> spring-boot:3.2.0:run (default-cli) > test-compile @ ecommerce-poo >>>
[INFO] 
[INFO] --- resources:3.3.1:resources (default-resources) @ ecommerce-poo ---
[INFO] Copying 1 resource from src\main\resources to target\classes
[INFO] Copying 0 resource from src\main\resources to target\classes
[INFO] 
[INFO] --- compiler:3.11.0:compile (default-compile) @ ecommerce-poo ---
[INFO] Nothing to compile - all classes are up to date
[INFO] 
[INFO] --- resources:3.3.1:testResources (default-testResources) @ ecommerce-poo ---
[INFO] skip non existing resourceDirectory C:\Users\USER\Desktop\ecommerce-poo\backend\src\test\resources
[INFO] 
[INFO] --- compiler:3.11.0:testCompile (default-testCompile) @ ecommerce-poo ---
[INFO] No sources to compile
[INFO] 
[INFO] <<< spring-boot:3.2.0:run (default-cli) < test-compile @ ecommerce-poo <<<
[INFO] 
[INFO] 
[INFO] --- spring-boot:3.2.0:run (default-cli) @ ecommerce-poo ---
[INFO] Attaching agents: []

  .   ____          _            __ _ _
 /\\ / ___'_ __ _ _(_)_ __  __ _ \ \ \ \
( ( )\___ | '_ | '_| | '_ \/ _` | \ \ \ \
 \\/  ___)| |_)| | | | | || (_| |  ) ) ) )
  '  |____| .__|_| |_|_| |_\__, | / / / /
 =========|_|==============|___/=/_/_/_/
 :: Spring Boot ::                (v3.2.0)

2026-05-12T13:43:25.341-05:00  INFO 14908 --- [ecommerce-poo] [           main] com.ecommerce.EcommerceApplication       : Starting EcommerceApplication using Java 25.0.2 with PID 14908 (C:\Users\USER\Desktop\ecommerce-poo\backend\target\classes started by USER in C:\Users\USER\Desktop\ecommerce-poo\backend)
2026-05-12T13:43:25.346-05:00  INFO 14908 --- [ecommerce-poo] [           main] com.ecommerce.EcommerceApplication       : No active profile set, falling back to 1 default profile: "default"
2026-05-12T13:43:26.161-05:00  INFO 14908 --- [ecommerce-poo] [           main] .s.d.r.c.RepositoryConfigurationDelegate : Bootstrapping Spring Data JPA repositories in DEFAULT mode.
2026-05-12T13:43:26.256-05:00  INFO 14908 --- [ecommerce-poo] [           main] .s.d.r.c.RepositoryConfigurationDelegate : Finished Spring Data repository scanning in 84 ms. Found 5 JPA repository interfaces.
WARNING: A restricted method in java.lang.System has been called
WARNING: java.lang.System::load has been called by org.apache.tomcat.jni.Library in an unnamed module (file:/C:/Users/USER/.m2/repository/org/apache/tomcat/embed/tomcat-embed-core/10.1.16/tomcat-embed-core-10.1.16.jar)
WARNING: Use --enable-native-access=ALL-UNNAMED to avoid a warning for callers in this module
WARNING: Restricted methods will be blocked in a future release unless native access is enabled

2026-05-12T13:43:26.923-05:00  INFO 14908 --- [ecommerce-poo] [           main] o.s.b.w.embedded.tomcat.TomcatWebServer  : Tomcat initialized with port 8080 (http)
2026-05-12T13:43:26.936-05:00  INFO 14908 --- [ecommerce-poo] [           main] o.apache.catalina.core.StandardService   : Starting service [Tomcat]
2026-05-12T13:43:26.936-05:00  INFO 14908 --- [ecommerce-poo] [           main] o.apache.catalina.core.StandardEngine    : Starting Servlet engine: [Apache Tomcat/10.1.16]
2026-05-12T13:43:27.005-05:00  INFO 14908 --- [ecommerce-poo] [           main] o.a.c.c.C.[Tomcat].[localhost].[/]       : Initializing Spring embedded WebApplicationContext
2026-05-12T13:43:27.007-05:00  INFO 14908 --- [ecommerce-poo] [           main] w.s.c.ServletWebServerApplicationContext : Root WebApplicationContext: initialization completed in 1606 ms
2026-05-12T13:43:27.041-05:00  INFO 14908 --- [ecommerce-poo] [           main] com.zaxxer.hikari.HikariDataSource       : HikariPool-1 - Starting...
2026-05-12T13:43:27.253-05:00  INFO 14908 --- [ecommerce-poo] [           main] com.zaxxer.hikari.pool.HikariPool        : HikariPool-1 - Added connection conn0: url=jdbc:h2:mem:ecommercedb user=SA
2026-05-12T13:43:27.256-05:00  INFO 14908 --- [ecommerce-poo] [           main] com.zaxxer.hikari.HikariDataSource       : HikariPool-1 - Start completed.
2026-05-12T13:43:27.269-05:00  INFO 14908 --- [ecommerce-poo] [           main] o.s.b.a.h2.H2ConsoleAutoConfiguration    : H2 console available at '/h2-console'. Database available at 'jdbc:h2:mem:ecommercedb'
2026-05-12T13:43:27.423-05:00  INFO 14908 --- [ecommerce-poo] [           main] o.hibernate.jpa.internal.util.LogHelper  : HHH000204: Processing PersistenceUnitInfo [name: default]
2026-05-12T13:43:27.488-05:00  INFO 14908 --- [ecommerce-poo] [           main] org.hibernate.Version                    : HHH000412: Hibernate ORM core version 6.3.1.Final
2026-05-12T13:43:27.524-05:00  INFO 14908 --- [ecommerce-poo] [           main] o.h.c.internal.RegionFactoryInitiator    : HHH000026: Second-level cache disabled
2026-05-12T13:43:27.796-05:00  INFO 14908 --- [ecommerce-poo] [           main] o.s.o.j.p.SpringPersistenceUnitInfo      : No LoadTimeWeaver setup: ignoring JPA class transformer
2026-05-12T13:43:27.848-05:00  WARN 14908 --- [ecommerce-poo] [           main] org.hibernate.orm.deprecation            : HHH90000025: H2Dialect does not need to be specified explicitly using 'hibernate.dialect' (remove the property setting and it will be selected by default)
2026-05-12T13:43:29.010-05:00  INFO 14908 --- [ecommerce-poo] [           main] o.h.e.t.j.p.i.JtaPlatformInitiator       : HHH000489: No JTA platform available (set 'hibernate.transaction.jta.platform' to enable JTA platform integration)
Hibernate: create table administradores (departamento varchar(255), id bigint not null, primary key (id))
Hibernate: create table carritos (id bigint generated by default as identity, cliente_id bigint, primary key (id))
Hibernate: create table clientes (direccion varchar(255), telefono varchar(255), id bigint not null, primary key (id))
Hibernate: create table detalles_pedido (id bigint generated by default as identity, cantidad integer not null, precio_unitario numeric(10,2) not null, pedido_id bigint, producto_id bigint, primary key (id))
Hibernate: create table items_carrito (id bigint generated by default as identity, cantidad integer not null, carrito_id bigint, producto_id bigint, primary key (id))
Hibernate: create table pedidos (id bigint generated by default as identity, direccion_envio varchar(255), estado varchar(255) not null, fecha_pedido timestamp(6), metodo_pago varchar(255), total numeric(10,2) not null, cliente_id bigint, primary key (id))
Hibernate: create table productos (id bigint generated by default as identity, categoria varchar(255), descripcion varchar(1000), imagen_url varchar(255), nombre varchar(255) not null, precio numeric(10,2) not null, stock integer not null, primary key (id))
Hibernate: create table usuarios (id bigint generated by default as identity, email varchar(255) not null, nombre varchar(255) not null, password varchar(255) not null, rol varchar(255) not null, primary key (id))
Hibernate: alter table if exists carritos drop constraint if exists UK_f7xpwf4434eyfx1p8po60nqg2
Hibernate: alter table if exists carritos add constraint UK_f7xpwf4434eyfx1p8po60nqg2 unique (cliente_id)
Hibernate: alter table if exists usuarios drop constraint if exists UK_kfsp0s1tflm1cwlj8idhqsad0
Hibernate: alter table if exists usuarios add constraint UK_kfsp0s1tflm1cwlj8idhqsad0 unique (email)
Hibernate: alter table if exists administradores add constraint FKk8pfcp9y41epaar30iqjcgy6u foreign key (id) references usuarios
Hibernate: alter table if exists carritos add constraint FKnxakr2a54l3yo8beiueoqr871 foreign key (cliente_id) references clientes
Hibernate: alter table if exists clientes add constraint FKl8la8bmm5w5vtntkh5bhv5y41 foreign key (id) references usuarios
Hibernate: alter table if exists detalles_pedido add constraint FK4qmqlxyy78kjl4ec4wjnfmggu foreign key (pedido_id) references pedidos
Hibernate: alter table if exists detalles_pedido add constraint FK8144uqs26ce7usdnqb1aml16 foreign key (producto_id) references productos
Hibernate: alter table if exists items_carrito add constraint FK9qal2jfqtv8ek5uelns6o4cn1 foreign key (carrito_id) references carritos
Hibernate: alter table if exists items_carrito add constraint FKscnkqsnxj0ppo0bcyw6u13a82 foreign key (producto_id) references productos
Hibernate: alter table if exists pedidos add constraint FKg7202lk0hwxn04bmdl2thth5b foreign key (cliente_id) references clientes
2026-05-12T13:43:29.118-05:00  INFO 14908 --- [ecommerce-poo] [           main] j.LocalContainerEntityManagerFactoryBean : Initialized JPA EntityManagerFactory for persistence unit 'default'
2026-05-12T13:43:29.713-05:00  WARN 14908 --- [ecommerce-poo] [           main] JpaBaseConfiguration$JpaWebConfiguration : spring.jpa.open-in-view is enabled by default. Therefore, database queries may be performed during view rendering. Explicitly configure spring.jpa.open-in-view to disable this warning
2026-05-12T13:43:29.742-05:00  WARN 14908 --- [ecommerce-poo] [           main] .s.s.UserDetailsServiceAutoConfiguration : 

Using generated security password: 5e976d5e-cc33-4e4b-ab70-43865e2f9a13

This generated password is for development use only. Your security configuration must be updated before running your application in production.

2026-05-12T13:43:30.072-05:00  INFO 14908 --- [ecommerce-poo] [           main] o.s.s.web.DefaultSecurityFilterChain     : Will secure any request with [org.springframework.security.web.session.DisableEncodeUrlFilter@2c750b69, org.springframework.security.web.context.request.async.WebAsyncManagerIntegrationFilter@159a0f0e, org.springframework.security.web.context.SecurityContextHolderFilter@b332eda, org.springframework.security.web.header.HeaderWriterFilter@4202bfe8, org.springframework.web.filter.CorsFilter@6484364f, org.springframework.security.web.authentication.logout.LogoutFilter@7cc842b0, com.ecommerce.config.JwtAuthenticationFilter@662e682a, org.springframework.security.web.savedrequest.RequestCacheAwareFilter@3ca5da54, org.springframework.security.web.servletapi.SecurityContextHolderAwareRequestFilter@57a0aeb8, org.springframework.security.web.authentication.AnonymousAuthenticationFilter@2ddb6c71, org.springframework.security.web.session.SessionManagementFilter@288915a1, org.springframework.security.web.access.ExceptionTranslationFilter@17e4beda, org.springframework.security.web.access.intercept.AuthorizationFilter@446fb72e]
2026-05-12T13:43:30.333-05:00  INFO 14908 --- [ecommerce-poo] [           main] o.s.b.w.embedded.tomcat.TomcatWebServer  : Tomcat started on port 8080 (http) with context path ''
2026-05-12T13:43:30.340-05:00  INFO 14908 --- [ecommerce-poo] [           main] com.ecommerce.EcommerceApplication       : Started EcommerceApplication in 5.425 seconds (process running for 5.934)
Hibernate: select count(*) from administradores a1_0
Hibernate: insert into usuarios (email,nombre,password,rol,id) values (?,?,?,?,default)
Hibernate: insert into administradores (departamento,id) values (?,?)
Admin creado: admin@ecommerce.com / admin123
Hibernate: select count(*) from clientes c1_0
Hibernate: insert into usuarios (email,nombre,password,rol,id) values (?,?,?,?,default)
Hibernate: insert into clientes (direccion,telefono,id) values (?,?,?)
Hibernate: insert into carritos (cliente_id,id) values (?,default)
Hibernate: insert into usuarios (email,nombre,password,rol,id) values (?,?,?,?,default)
Hibernate: insert into clientes (direccion,telefono,id) values (?,?,?)
Hibernate: insert into carritos (cliente_id,id) values (?,default)
Clientes creados: juan@email.com / cliente123
Hibernate: select count(*) from productos p1_0
Hibernate: insert into productos (categoria,descripcion,imagen_url,nombre,precio,stock,id) values (?,?,?,?,?,?,default)
Hibernate: insert into productos (categoria,descripcion,imagen_url,nombre,precio,stock,id) values (?,?,?,?,?,?,default)
Hibernate: insert into productos (categoria,descripcion,imagen_url,nombre,precio,stock,id) values (?,?,?,?,?,?,default)
Hibernate: insert into productos (categoria,descripcion,imagen_url,nombre,precio,stock,id) values (?,?,?,?,?,?,default)
Hibernate: insert into productos (categoria,descripcion,imagen_url,nombre,precio,stock,id) values (?,?,?,?,?,?,default)
Hibernate: insert into productos (categoria,descripcion,imagen_url,nombre,precio,stock,id) values (?,?,?,?,?,?,default)
Hibernate: insert into productos (categoria,descripcion,imagen_url,nombre,precio,stock,id) values (?,?,?,?,?,?,default)
Hibernate: insert into productos (categoria,descripcion,imagen_url,nombre,precio,stock,id) values (?,?,?,?,?,?,default)
Productos de ejemplo creados: 8
